// Jest Snapshot v1, https://goo.gl/fbAQLP

exports[`index should render the index page 1`] = `
<section
  class="is-fullheight"
>
  <div
    class="hero-body"
  >
    <div
      class="container has-text-centered"
    >
      <div
        class="column is-4 is-offset-4"
      >
        <h3
          class="title has-text-grey"
        >
          Sign Up
        </h3>
        <div
          class="box"
        >
          <figure
            class="avatar"
          >
            <img
              alt="placeholder"
              src="https://placehold.it/128x128"
            />
          </figure>
          <form
            novalidate=""
          >
            <div
              class="field"
            >
              <div
                class="control"
              >
                <input
                  class="input is-large"
                  name="email"
                  placeholder="Your Email address"
                  required=""
                  type="email"
                />
              </div>
            </div>
            <div
              class="field"
            >
              <div
                class="control"
              >
                <input
                  class="input is-large"
                  name="password"
                  placeholder="Your password"
                  required=""
                  type="password"
                />
              </div>
            </div>
            <div
              class="field"
            >
              <div
                class="control"
              >
                <input
                  class="input is-large"
                  name="passwordConfirm"
                  placeholder="Confirm password"
                  required=""
                  type="password"
                />
              </div>
            </div>
            <button
              class="button is-block is-info is-large is-fullwidth"
              type="button"
            >
              Sign Up
            </button>
          </form>
        </div>
      </div>
    </div>
  </div>
</section>
`;
